###############################################################################
#
# IAR ELF Linker V8.11.3.13950/W32 for ARM                21/Oct/2020  17:20:19
# Copyright 2007-2017 IAR Systems AB.
#
#    Output file  =  
#        C:\Users\Jamie!\Documents\UW\EE 474\Labs\New Lab 1\Task
#        2\Debug\Exe\Task 2.out
#    Map file     =  
#        C:\Users\Jamie!\Documents\UW\EE 474\Labs\New Lab 1\Task
#        2\Debug\List\Task 2.map
#    Command line =  
#        -f C:\CONDA_~1\EW970A.tmp ("C:\Users\Jamie!\Documents\UW\EE
#        474\Labs\New Lab 1\Task 2\Debug\Obj\main.o" -o
#        "C:\Users\Jamie!\Documents\UW\EE 474\Labs\New Lab 1\Task
#        2\Debug\Exe\Task 2.out" --redirect _Printf=_PrintfFullNoMb --redirect
#        _Scanf=_ScanfFullNoMb --map "C:\Users\Jamie!\Documents\UW\EE
#        474\Labs\New Lab 1\Task 2\Debug\List\Task 2.map" --config "C:\Program
#        Files (x86)\IAR Systems\Embedded Workbench
#        8.0\arm\config\linker\TexasInstruments\TM4C1294NC.icf" --semihosting
#        --entry __iar_program_start --vfe --text_out locale)
#
###############################################################################

*******************************************************************************
*** RUNTIME MODEL ATTRIBUTES
***

CppFlavor       = *
__SystemLibrary = DLib
__dlib_version  = 6


*******************************************************************************
*** HEAP SELECTION
***

The basic heap was selected because some modules are built with
size limitations (and not runtime checking), and --advanced_heap
was not specified.


*******************************************************************************
*** PLACEMENT SUMMARY
***

"A0":  place at 0x00000000 { ro section .intvec };
"P1":  place in [from 0x00000000 to 0x000fffff] { ro };
define block CSTACK with size = 32K, alignment = 8 { };
define block HEAP with size = 64K, alignment = 8 { };
"P2":  place in [from 0x20000000 to 0x2003ffff] {
          rw, block CSTACK, block HEAP };

  Section   Kind        Address    Size  Object
  -------   ----        -------    ----  ------
"A0":                              0x40
  .intvec   ro code  0x00000000    0x40  vector_table_M.o [5]
                   - 0x00000040    0x40

"P1":                             0x1c4
  .text     ro code  0x00000040   0x150  main.o [1]
  .text     ro code  0x00000190    0x22  fpinit_M.o [4]
  .text     ro code  0x000001b2     0x2  vector_table_M.o [5]
  .text     ro code  0x000001b4    0x1a  cmain.o [5]
  .text     ro code  0x000001ce     0x4  low_level_init.o [3]
  .text     ro code  0x000001d2     0x4  exit.o [3]
  .text     ro code  0x000001d8     0xa  cexit.o [5]
  .text     ro code  0x000001e4    0x14  exit.o [6]
  .text     ro code  0x000001f8     0xc  cstartup_M.o [5]
                   - 0x00000204   0x1c4

"P2":                            0x8000
  CSTACK             0x20000000  0x8000  <Block>
    CSTACK  uninit   0x20000000  0x8000  <Block tail>
                   - 0x20008000  0x8000



*******************************************************************************
*** MODULE SUMMARY
***

    Module            ro code  rw data
    ------            -------  -------
C:\Users\Jamie!\Documents\UW\EE 474\Labs\New Lab 1\Task 2\Debug\Obj: [1]
    main.o                336
    ----------------------------------
    Total:                336

command line: [2]
    ----------------------------------
    Total:

dl7M_tln.a: [3]
    exit.o                  4
    low_level_init.o        4
    ----------------------------------
    Total:                  8

m7M_tls.a: [4]
    fpinit_M.o             34
    ----------------------------------
    Total:                 34

rt7M_tl.a: [5]
    cexit.o                10
    cmain.o                26
    cstartup_M.o           12
    vector_table_M.o       66
    ----------------------------------
    Total:                114

shb_l.a: [6]
    exit.o                 20
    ----------------------------------
    Total:                 20

    Gaps                    4
    Linker created              32 768
--------------------------------------
    Grand Total:          516   32 768


*******************************************************************************
*** ENTRY LIST
***

Entry                      Address  Size  Type      Object
-----                      -------  ----  ----      ------
?main                   0x000001b5        Code  Gb  cmain.o [5]
CSTACK$$Base            0x20000000         --   Gb  - Linker created -
CSTACK$$Limit           0x20008000         --   Gb  - Linker created -
LED_init                0x00000041  0xac  Code  Gb  main.o [1]
LED_on                  0x000000ed  0x56  Code  Gb  main.o [1]
Region$$Table$$Base     0x00000000         --   Gb  - Linker created -
Region$$Table$$Limit    0x00000000         --   Gb  - Linker created -
__cmain                 0x000001b5        Code  Gb  cmain.o [5]
__exit                  0x000001e5  0x14  Code  Gb  exit.o [6]
__iar_init_vfp          0x00000191        Code  Gb  fpinit_M.o [4]
__iar_program_start     0x000001f9        Code  Gb  cstartup_M.o [5]
__iar_systems$$module {Abs}
                        0x00000001        Data  Gb  command line/config [2]
__low_level_init        0x000001cf   0x4  Code  Gb  low_level_init.o [3]
__vector_table          0x00000000        Data  Gb  vector_table_M.o [5]
_call_main              0x000001c1        Code  Gb  cmain.o [5]
_exit                   0x000001d9        Code  Gb  cexit.o [5]
_main                   0x000001cb        Code  Gb  cmain.o [5]
exit                    0x000001d3   0x4  Code  Gb  exit.o [3]
main                    0x00000185   0xc  Code  Gb  main.o [1]


[1] = C:\Users\Jamie!\Documents\UW\EE 474\Labs\New Lab 1\Task 2\Debug\Obj
[2] = command line
[3] = dl7M_tln.a
[4] = m7M_tls.a
[5] = rt7M_tl.a
[6] = shb_l.a

     516 bytes of readonly  code memory
  32 768 bytes of readwrite data memory

Errors: none
Warnings: none
