###############################################################################
#
# IAR ELF Linker V8.11.3.13950/W32 for ARM                16/Oct/2020  12:24:39
# Copyright 2007-2017 IAR Systems AB.
#
#    Output file  =  
#        C:\Users\Jamie!\Documents\UW\EE 474\Labs\New Lab 1\Task 1\Task 1
#        B\Debug\Exe\Task 1 B.out
#    Map file     =  
#        C:\Users\Jamie!\Documents\UW\EE 474\Labs\New Lab 1\Task 1\Task 1
#        B\Debug\List\Task 1 B.map
#    Command line =  
#        -f C:\CONDA_~1\EWA596.tmp ("C:\Users\Jamie!\Documents\UW\EE
#        474\Labs\New Lab 1\Task 1\Task 1 B\Debug\Obj\main.o" -o
#        "C:\Users\Jamie!\Documents\UW\EE 474\Labs\New Lab 1\Task 1\Task 1
#        B\Debug\Exe\Task 1 B.out" --redirect _Printf=_PrintfFullNoMb
#        --redirect _Scanf=_ScanfFullNoMb --map
#        "C:\Users\Jamie!\Documents\UW\EE 474\Labs\New Lab 1\Task 1\Task 1
#        B\Debug\List\Task 1 B.map" --config "C:\Program Files (x86)\IAR
#        Systems\Embedded Workbench
#        8.0\arm\config\linker\TexasInstruments\TM4C1294NC.icf" --semihosting
#        --entry __iar_program_start --vfe --text_out locale)
#
###############################################################################

*******************************************************************************
*** RUNTIME MODEL ATTRIBUTES
***

CppFlavor       = *
__SystemLibrary = DLib
__dlib_version  = 6


*******************************************************************************
*** HEAP SELECTION
***

The basic heap was selected because some modules are built with
size limitations (and not runtime checking), and --advanced_heap
was not specified.


*******************************************************************************
*** PLACEMENT SUMMARY
***

"A0":  place at 0x00000000 { ro section .intvec };
"P1":  place in [from 0x00000000 to 0x000fffff] { ro };
define block CSTACK with size = 32K, alignment = 8 { };
define block HEAP with size = 64K, alignment = 8 { };
"P2":  place in [from 0x20000000 to 0x2003ffff] {
          rw, block CSTACK, block HEAP };

  Section   Kind        Address    Size  Object
  -------   ----        -------    ----  ------
"A0":                              0x40
  .intvec   ro code  0x00000000    0x40  vector_table_M.o [5]
                   - 0x00000040    0x40

"P1":                             0x11c
  .text     ro code  0x00000040    0xa8  main.o [1]
  .text     ro code  0x000000e8    0x22  fpinit_M.o [4]
  .text     ro code  0x0000010a     0x2  vector_table_M.o [5]
  .text     ro code  0x0000010c    0x1a  cmain.o [5]
  .text     ro code  0x00000126     0x4  low_level_init.o [3]
  .text     ro code  0x0000012a     0x4  exit.o [3]
  .text     ro code  0x00000130     0xa  cexit.o [5]
  .text     ro code  0x0000013c    0x14  exit.o [6]
  .text     ro code  0x00000150     0xc  cstartup_M.o [5]
                   - 0x0000015c   0x11c

"P2":                            0x8000
  CSTACK             0x20000000  0x8000  <Block>
    CSTACK  uninit   0x20000000  0x8000  <Block tail>
                   - 0x20008000  0x8000



*******************************************************************************
*** MODULE SUMMARY
***

    Module            ro code  rw data
    ------            -------  -------
C:\Users\Jamie!\Documents\UW\EE 474\Labs\New Lab 1\Task 1\Task 1 B\Debug\Obj: [1]
    main.o                168
    ----------------------------------
    Total:                168

command line: [2]
    ----------------------------------
    Total:

dl7M_tln.a: [3]
    exit.o                  4
    low_level_init.o        4
    ----------------------------------
    Total:                  8

m7M_tls.a: [4]
    fpinit_M.o             34
    ----------------------------------
    Total:                 34

rt7M_tl.a: [5]
    cexit.o                10
    cmain.o                26
    cstartup_M.o           12
    vector_table_M.o       66
    ----------------------------------
    Total:                114

shb_l.a: [6]
    exit.o                 20
    ----------------------------------
    Total:                 20

    Gaps                    4
    Linker created              32 768
--------------------------------------
    Grand Total:          348   32 768


*******************************************************************************
*** ENTRY LIST
***

Entry                      Address  Size  Type      Object
-----                      -------  ----  ----      ------
?main                   0x0000010d        Code  Gb  cmain.o [5]
CSTACK$$Base            0x20000000         --   Gb  - Linker created -
CSTACK$$Limit           0x20008000         --   Gb  - Linker created -
Region$$Table$$Base     0x00000000         --   Gb  - Linker created -
Region$$Table$$Limit    0x00000000         --   Gb  - Linker created -
__cmain                 0x0000010d        Code  Gb  cmain.o [5]
__exit                  0x0000013d  0x14  Code  Gb  exit.o [6]
__iar_init_vfp          0x000000e9        Code  Gb  fpinit_M.o [4]
__iar_program_start     0x00000151        Code  Gb  cstartup_M.o [5]
__iar_systems$$module {Abs}
                        0x00000001        Data  Gb  command line/config [2]
__low_level_init        0x00000127   0x4  Code  Gb  low_level_init.o [3]
__vector_table          0x00000000        Data  Gb  vector_table_M.o [5]
_call_main              0x00000119        Code  Gb  cmain.o [5]
_exit                   0x00000131        Code  Gb  cexit.o [5]
_main                   0x00000123        Code  Gb  cmain.o [5]
exit                    0x0000012b   0x4  Code  Gb  exit.o [3]
main                    0x00000041  0xa8  Code  Gb  main.o [1]


[1] = C:\Users\Jamie!\Documents\UW\EE 474\Labs\New Lab 1\Task 1\Task 1 B\Debug\Obj
[2] = command line
[3] = dl7M_tln.a
[4] = m7M_tls.a
[5] = rt7M_tl.a
[6] = shb_l.a

     348 bytes of readonly  code memory
  32 768 bytes of readwrite data memory

Errors: none
Warnings: none
